


                                                                BANK OF INDIA
                                                                   RAMPUR

 DATE :  11-01-2014

---------------------------------------------------------------------------------------------------------------------------------------------
|  ACCOUNT NUM    |    INTEREST AMT     |      TDS AMT        |TRAN DATE  | TRAN ID  |    REFUND AMT      |REFUND DATE           |REFUND ID |
---------------------------------------------------------------------------------------------------------------------------------------------
 Customer Id - 033038008     Customer Name :     VIJAY KUMAR SINGH               PAN NO.DCIPS9696K
---------------------------------------------------------------------------------------------------------------------------------------------
|449345110000364  |              132.83 |               10.00 |25-10-2013 | S3913100 |               0.00 |                      |          |
---------------------------------------------------------------------------------------------------------------------------------------------
|449345110000369  |              202.73 |               20.00 |06-11-2013 | S7192192 |               0.00 |                      |          |
---------------------------------------------------------------------------------------------------------------------------------------------
|449356110000100  |              787.95 |               80.00 |25-11-2013 | S5736239 |               0.00 |                      |          |
---------------------------------------------------------------------------------------------------------------------------------------------
|449356110000105  |            1,065.04 |              110.00 |13-12-2013 | S6820513 |               0.00 |                      |          |
---------------------------------------------------------------------------------------------------------------------------------------------
 FOR Customer Id - 033038008                           220.00                                        0.00
---------------------------------------------------------------------------------------------------------------------------------------------


 Customer Id - 033038044     Customer Name :     JANAK MAHTO                     PAN NO.CGSPM5028A
---------------------------------------------------------------------------------------------------------------------------------------------
|449342710000009  |            1,488.81 |              300.00 |07-10-2013 | S4789065 |               0.00 |                      |          |
---------------------------------------------------------------------------------------------------------------------------------------------
|449342710000009  |            1,488.81 |              300.00 |07-11-2013 | S8325327 |               0.00 |                      |          |
---------------------------------------------------------------------------------------------------------------------------------------------
 FOR Customer Id - 033038044                           600.00                                        0.00
---------------------------------------------------------------------------------------------------------------------------------------------


 Customer Id - 033038536     Customer Name :     PRABHAWATI DEVI                 PAN NO.
---------------------------------------------------------------------------------------------------------------------------------------------
|449345110000395  |            1,533.25 |              310.00 |23-12-2013 | S6651783 |               0.00 |                      |          |
---------------------------------------------------------------------------------------------------------------------------------------------
 FOR Customer Id - 033038536                           310.00                                        0.00
---------------------------------------------------------------------------------------------------------------------------------------------


 Customer Id - 033038657     Customer Name :     KEDAR NATH SINGH                PAN NO.
---------------------------------------------------------------------------------------------------------------------------------------------
|449345110000252  |              643.99 |              130.00 |23-11-2013 | S4728604 |               0.00 |                      |          |
---------------------------------------------------------------------------------------------------------------------------------------------
|449345110000255  |            1,206.68 |              240.00 |02-12-2013 | S3205109 |               0.00 |                      |          |
---------------------------------------------------------------------------------------------------------------------------------------------
 FOR Customer Id - 033038657                           370.00                                        0.00
---------------------------------------------------------------------------------------------------------------------------------------------


 Customer Id - 033039432     Customer Name :     MANINDRA KUMAR SINGH            PAN NO.
---------------------------------------------------------------------------------------------------------------------------------------------
|449345110000184  |            1,821.71 |              360.00 |13-12-2013 | S6820513 |               0.00 |                      |          |
---------------------------------------------------------------------------------------------------------------------------------------------
|449345110000185  |            1,900.61 |              380.00 |16-12-2013 | S9100793 |               0.00 |                      |          |
---------------------------------------------------------------------------------------------------------------------------------------------
|449356110000076  |            2,466.07 |              500.00 |27-12-2013 | S1856410 |               0.00 |                      |          |
---------------------------------------------------------------------------------------------------------------------------------------------
 FOR Customer Id - 033039432                         1,240.00                                        0.00
---------------------------------------------------------------------------------------------------------------------------------------------


 Customer Id - 033039500     Customer Name :     PRAMATMA SINGH                  PAN NO.
---------------------------------------------------------------------------------------------------------------------------------------------
|449356110000020  |              341.94 |               70.00 |17-10-2013 | S5707341 |               0.00 |                      |          |
---------------------------------------------------------------------------------------------------------------------------------------------
 FOR Customer Id - 033039500                            70.00                                        0.00
---------------------------------------------------------------------------------------------------------------------------------------------


 Customer Id - 033039540     Customer Name :     MADAN RAWAT                     PAN NO.
---------------------------------------------------------------------------------------------------------------------------------------------
|449342710000001  |            1,413.77 |              280.00 |04-10-2013 | S2575454 |               0.00 |                      |          |
---------------------------------------------------------------------------------------------------------------------------------------------
|449342710000001  |            1,413.78 |              290.00 |04-11-2013 | S5343127 |               0.00 |                      |          |
---------------------------------------------------------------------------------------------------------------------------------------------
|449342710000001  |            1,413.78 |              280.00 |04-12-2013 | S6427634 |               0.00 |                      |          |
---------------------------------------------------------------------------------------------------------------------------------------------
 FOR Customer Id - 033039540                           850.00                                        0.00
---------------------------------------------------------------------------------------------------------------------------------------------


 Customer Id - 033040726     Customer Name :     MEWALAL SAH                     PAN NO.
---------------------------------------------------------------------------------------------------------------------------------------------
|449345110000247  |            1,114.47 |              220.00 |16-11-2013 | S7305562 |               0.00 |                      |          |
---------------------------------------------------------------------------------------------------------------------------------------------
 FOR Customer Id - 033040726                           220.00                                        0.00
---------------------------------------------------------------------------------------------------------------------------------------------


 Customer Id - 033040864     Customer Name :     ACCHE LAL SINGHSHANTI DEVI      PAN NO.CGLPS3100C
---------------------------------------------------------------------------------------------------------------------------------------------
|449356110000021  |              250.37 |               50.00 |19-10-2013 | S7842863 |               0.00 |                      |          |
---------------------------------------------------------------------------------------------------------------------------------------------
 FOR Customer Id - 033040864                            50.00                                        0.00
---------------------------------------------------------------------------------------------------------------------------------------------


 Customer Id - 033042670     Customer Name :     VIJAY KUMAR MISHRA              PAN NO.
---------------------------------------------------------------------------------------------------------------------------------------------
|449342710000013  |            1,488.81 |              290.00 |12-10-2013 | S1596459 |               0.00 |                      |          |
---------------------------------------------------------------------------------------------------------------------------------------------
|449342710000013  |            1,488.80 |              300.00 |12-11-2013 | S3393113 |               0.00 |                      |          |
---------------------------------------------------------------------------------------------------------------------------------------------
|449342710000013  |            1,488.81 |              300.00 |12-12-2013 | S5644412 |               0.00 |                      |          |
---------------------------------------------------------------------------------------------------------------------------------------------
 FOR Customer Id - 033042670                           890.00                                        0.00
---------------------------------------------------------------------------------------------------------------------------------------------


 Customer Id - 033047002     Customer Name :     CHANDRAKET NARAYAN SINGH        PAN NO.
---------------------------------------------------------------------------------------------------------------------------------------------
|449345100000309  |               67.26 |               10.00 |22-10-2013 | S1487187 |               0.00 |                      |          |
---------------------------------------------------------------------------------------------------------------------------------------------
 FOR Customer Id - 033047002                            10.00                                        0.00
---------------------------------------------------------------------------------------------------------------------------------------------


 Customer Id - 033047148     Customer Name :     NAMITA KUMARI                   PAN NO.
---------------------------------------------------------------------------------------------------------------------------------------------
|449345100000451  |            4,081.97 |              820.00 |12-11-2013 | S3393113 |               0.00 |                      |          |
---------------------------------------------------------------------------------------------------------------------------------------------
 FOR Customer Id - 033047148                           820.00                                        0.00
---------------------------------------------------------------------------------------------------------------------------------------------


 Customer Id - 033047427     Customer Name :     SUMITRA DEVI                    PAN NO.BPPPD3947A
---------------------------------------------------------------------------------------------------------------------------------------------
|449345100000660  |            2,152.15 |              220.00 |24-12-2013 | S8758390 |               0.00 |                      |          |
---------------------------------------------------------------------------------------------------------------------------------------------
 FOR Customer Id - 033047427                           220.00                                        0.00
---------------------------------------------------------------------------------------------------------------------------------------------


 Customer Id - 033047579     Customer Name :     NEHA KUMARI                     PAN NO.
---------------------------------------------------------------------------------------------------------------------------------------------
|449345100000838  |            3,273.81 |              650.00 |05-12-2013 | S7654160 |               0.00 |                      |          |
---------------------------------------------------------------------------------------------------------------------------------------------
 FOR Customer Id - 033047579                           650.00                                        0.00
---------------------------------------------------------------------------------------------------------------------------------------------


 Customer Id - 033047580     Customer Name :     PUSHPA KUMAI                    PAN NO.
---------------------------------------------------------------------------------------------------------------------------------------------
|449345100000839  |            3,273.81 |              650.00 |05-12-2013 | S7654160 |               0.00 |                      |          |
---------------------------------------------------------------------------------------------------------------------------------------------
 FOR Customer Id - 033047580                           650.00                                        0.00
---------------------------------------------------------------------------------------------------------------------------------------------


 Customer Id - 033047636     Customer Name :     BHAGWANJEE KUNWER               PAN NO.
---------------------------------------------------------------------------------------------------------------------------------------------
|449342700000898  |            1,266.78 |              250.00 |03-10-2013 |  S750318 |               0.00 |                      |          |
---------------------------------------------------------------------------------------------------------------------------------------------
|449342700000898  |            1,266.78 |              260.00 |03-12-2013 | S5209448 |               0.00 |                      |          |
---------------------------------------------------------------------------------------------------------------------------------------------
|449342700000898  |            1,266.78 |              250.00 |04-11-2013 | S5342963 |               0.00 |                      |          |
---------------------------------------------------------------------------------------------------------------------------------------------
 FOR Customer Id - 033047636                           760.00                                        0.00
---------------------------------------------------------------------------------------------------------------------------------------------


 Customer Id - 033047639     Customer Name :     HEERA DEVI                      PAN NO.
---------------------------------------------------------------------------------------------------------------------------------------------
|449342700000901  |              641.68 |              130.00 |28-10-2013 | S6058503 |               0.00 |                      |          |
---------------------------------------------------------------------------------------------------------------------------------------------
|449342700000901  |              641.68 |              130.00 |28-11-2013 | S9750829 |               0.00 |                      |          |
---------------------------------------------------------------------------------------------------------------------------------------------
|449342700000901  |              641.68 |              130.00 |28-12-2013 | S3079588 |               0.00 |                      |          |
---------------------------------------------------------------------------------------------------------------------------------------------
|449342700000902  |              641.68 |              130.00 |28-10-2013 | S6058503 |               0.00 |                      |          |
---------------------------------------------------------------------------------------------------------------------------------------------
|449342700000902  |              641.68 |              120.00 |28-11-2013 | S9750829 |               0.00 |                      |          |
---------------------------------------------------------------------------------------------------------------------------------------------
|449342700000902  |              641.68 |              130.00 |28-12-2013 | S3079588 |               0.00 |                      |          |
---------------------------------------------------------------------------------------------------------------------------------------------
|449342700000903  |              641.68 |              130.00 |28-10-2013 | S6058503 |               0.00 |                      |          |
---------------------------------------------------------------------------------------------------------------------------------------------
|449342700000903  |              641.68 |              130.00 |28-11-2013 | S9750829 |               0.00 |                      |          |
---------------------------------------------------------------------------------------------------------------------------------------------
|449342700000903  |              641.68 |              130.00 |28-12-2013 | S3079588 |               0.00 |                      |          |
---------------------------------------------------------------------------------------------------------------------------------------------
|449342700000904  |              641.68 |              130.00 |28-10-2013 | S6058503 |               0.00 |                      |          |
---------------------------------------------------------------------------------------------------------------------------------------------
|449342700000904  |              641.68 |              130.00 |28-11-2013 | S9750829 |               0.00 |                      |          |
---------------------------------------------------------------------------------------------------------------------------------------------
|449342700000904  |              641.68 |              120.00 |28-12-2013 | S3079588 |               0.00 |                      |          |
---------------------------------------------------------------------------------------------------------------------------------------------
 FOR Customer Id - 033047639                         1,540.00                                        0.00
---------------------------------------------------------------------------------------------------------------------------------------------


 Customer Id - 105132982     Customer Name :     RITA DEVI                       PAN NO.
---------------------------------------------------------------------------------------------------------------------------------------------
|449345110000140  |            3,483.06 |              700.00 |30-12-2013 | S4180900 |               0.00 |                      |          |
---------------------------------------------------------------------------------------------------------------------------------------------
 FOR Customer Id - 105132982                           700.00                                        0.00
---------------------------------------------------------------------------------------------------------------------------------------------


 Customer Id - 110482489     Customer Name :     RAMDEV PANDIT & LALITA DEVI     PAN NO.
---------------------------------------------------------------------------------------------------------------------------------------------
|449356110000027  |              264.88 |               50.00 |12-11-2013 | S3850667 |               0.00 |                      |          |
---------------------------------------------------------------------------------------------------------------------------------------------
|449356110000081  |            1,076.03 |              220.00 |12-11-2013 | S3852888 |               0.00 |                      |          |
---------------------------------------------------------------------------------------------------------------------------------------------
 FOR Customer Id - 110482489                           270.00                                        0.00
---------------------------------------------------------------------------------------------------------------------------------------------


 Customer Id - 113464587     Customer Name :     ALKA KUMARI                     PAN NO.
---------------------------------------------------------------------------------------------------------------------------------------------
|449356110000099  |            3,065.26 |              610.00 |18-10-2013 | S6841766 |               0.00 |                      |          |
---------------------------------------------------------------------------------------------------------------------------------------------
 FOR Customer Id - 113464587                           610.00                                        0.00
---------------------------------------------------------------------------------------------------------------------------------------------

